// Jest Snapshot v1, https://goo.gl/fbAQLP

exports[`renders correctly 1`] = `
<DocumentFragment>
  <div>
    <h1>
      Home component
    </h1>
  </div>
</DocumentFragment>
`;
